
======================================================================
nova execucao (pls_lagged) em 2026-09-17 00:28:50.624099
======================================================================
=== 0. Metodo de reducao dimensional: pls_lagged | seed: 42 | hiperparametros: hidden_size=64 dropout=0.3 lr=0.001 ===
=== 1. Carregando dados ===
Dados ja baixados em cache, reaproveitando: /home/mazeeqe/.cache/kagglehub/competitions/previsao-climatica-de-precipitacao-sobre-a-america-do-sul
Carregado 'sample_submission' (csv): 1885464 linhas x 2 colunas
Carregado 'teste_features' (netcdf): dims=(time=24, lat=301, lon=261), variáveis=['t2', 'cloud_cover', 'shum_850', 'surface_pressure', 'u_850', 'v_850', 'temperature_850', 'rel_hum_850', 'geopotential_850', 'tp_alvo', 'tp_ultima_obs']
Carregado 'treino_cloud_cover' (netcdf): dims=(time=996, lat=301, lon=261), variáveis=['cloud_cover']
Carregado 'treino_geopotential_850' (netcdf): dims=(time=996, lat=301, lon=261), variáveis=['geopotential_850']
Carregado 'treino_rel_hum_850' (netcdf): dims=(time=996, lat=301, lon=261), variáveis=['rel_hum_850']
Carregado 'treino_shum_850' (netcdf): dims=(time=996, lat=301, lon=261), variáveis=['shum_850']
Carregado 'treino_surface_pressure' (netcdf): dims=(time=996, lat=301, lon=261), variáveis=['surface_pressure']
Carregado 'treino_t2' (netcdf): dims=(time=996, lat=301, lon=261), variáveis=['t2']
Carregado 'treino_temperature_850' (netcdf): dims=(time=996, lat=301, lon=261), variáveis=['temperature_850']
Carregado 'treino_tp' (netcdf): dims=(time=996, lat=301, lon=261), variáveis=['tp']
Carregado 'treino_tp_alvo' (netcdf): dims=(time=996, lat=301, lon=261), variáveis=['tp_alvo']
Carregado 'treino_u_850' (netcdf): dims=(time=996, lat=301, lon=261), variáveis=['u_850']
Carregado 'treino_v_850' (netcdf): dims=(time=996, lat=301, lon=261), variáveis=['v_850']
  996 meses (1940-01-01 a 2022-12-01)
  origens de treino interno ate indice 947 (2018-12-01)
  origens de validacao interna ate indice 995 (2022-12-01)

=== 2. Reduzindo dimensionalidade por variavel (pls_lagged, so no treino interno) ===
Dados ja baixados em cache, reaproveitando: /home/mazeeqe/.cache/kagglehub/competitions/previsao-climatica-de-precipitacao-sobre-a-america-do-sul
  cache de reducao reaproveitado (models/_reduction_cache/pls_lagged_shift1.joblib, calculado em 2026-09-16T22:41:07.476219 (backfill de execucao anterior)) - pulando o ajuste do PCA/PLS

=== 3. Montando exemplos (contrato origem + lag) ===
  treino: 22188 exemplos | validacao: 852 exemplos

=== 4. Treinando (selecao de epocas via validacao interna) ===
  epoca  1/25 | treino MSE(pca) 189.4970 | val MSE(pca) 144.3180
  epoca  2/25 | treino MSE(pca) 137.1863 | val MSE(pca) 147.8725
  epoca  3/25 | treino MSE(pca) 131.8198 | val MSE(pca) 147.7641
  epoca  4/25 | treino MSE(pca) 129.4391 | val MSE(pca) 147.6941
  epoca  5/25 | treino MSE(pca) 127.2516 | val MSE(pca) 147.3615
  epoca  6/25 | treino MSE(pca) 125.1039 | val MSE(pca) 148.1688
  early stopping na epoca 6 (melhor: 1)
  treino concluido em 187s | melhor epoca: 1 | val MSE(pca): 144.3180

=== 5. Avaliando contra baselines (grade real, mm/dia) ===
  PLS(defasado)+LSTM    RMSE=1.866  MAE=1.134  (mm/dia)
  Persistencia  RMSE=4.004  MAE=2.372  (mm/dia)
  Climatologia  RMSE=1.891  MAE=1.137  (mm/dia)

=== 5b. Salvando artefatos para visualizacao (models/) ===
  history.csv, metrics.json e sample_grids.npz salvos em models/hparam_sweep/pls_lagged_lr0p001_hs64_do0p3/

=== 6. Retreinando com todo o historico rotulado (1940-2022) ===
  epoca  1/1 | MSE(pca) 188.7953
  modelo final e objetos de reducao salvos em models/hparam_sweep/pls_lagged_lr0p001_hs64_do0p3/

=== 7. Prevendo o teste real (2023-2024) ===

=== 8. Gerando submissao ===
Dados ja baixados em cache, reaproveitando: /home/mazeeqe/.cache/kagglehub/competitions/previsao-climatica-de-precipitacao-sobre-a-america-do-sul
  salvo em submissions/submission_pls_lagged_lr0p001_hs64_do0p3_lstm.csv (1885464 linhas)

======================================================================
nova execucao (pls_lagged) em 2026-09-20 14:57:48.293217
======================================================================
=== 0. Metodo de reducao dimensional: pls_lagged | seed: 42 | hiperparametros: hidden_size=64 dropout=0.3 lr=0.001 | use_oni_feature=False ===
=== 1. Carregando dados ===
Dados ja baixados em cache, reaproveitando: /home/mazeeqe/.cache/kagglehub/competitions/previsao-climatica-de-precipitacao-sobre-a-america-do-sul
Carregado 'sample_submission' (csv): 1885464 linhas x 2 colunas
Carregado 'teste_features' (netcdf): dims=(time=24, lat=301, lon=261), variáveis=['t2', 'cloud_cover', 'shum_850', 'surface_pressure', 'u_850', 'v_850', 'temperature_850', 'rel_hum_850', 'geopotential_850', 'tp_alvo', 'tp_ultima_obs']
Carregado 'treino_cloud_cover' (netcdf): dims=(time=996, lat=301, lon=261), variáveis=['cloud_cover']
Carregado 'treino_geopotential_850' (netcdf): dims=(time=996, lat=301, lon=261), variáveis=['geopotential_850']
Carregado 'treino_rel_hum_850' (netcdf): dims=(time=996, lat=301, lon=261), variáveis=['rel_hum_850']
Carregado 'treino_shum_850' (netcdf): dims=(time=996, lat=301, lon=261), variáveis=['shum_850']
Carregado 'treino_surface_pressure' (netcdf): dims=(time=996, lat=301, lon=261), variáveis=['surface_pressure']
Carregado 'treino_t2' (netcdf): dims=(time=996, lat=301, lon=261), variáveis=['t2']
Carregado 'treino_temperature_850' (netcdf): dims=(time=996, lat=301, lon=261), variáveis=['temperature_850']
Carregado 'treino_tp' (netcdf): dims=(time=996, lat=301, lon=261), variáveis=['tp']
Carregado 'treino_tp_alvo' (netcdf): dims=(time=996, lat=301, lon=261), variáveis=['tp_alvo']
Carregado 'treino_u_850' (netcdf): dims=(time=996, lat=301, lon=261), variáveis=['u_850']
Carregado 'treino_v_850' (netcdf): dims=(time=996, lat=301, lon=261), variáveis=['v_850']
  996 meses (1940-01-01 a 2022-12-01)
  origens de treino interno ate indice 947 (2018-12-01)
  origens de validacao interna ate indice 995 (2022-12-01)

=== 2. Reduzindo dimensionalidade por variavel (pls_lagged, so no treino interno) ===
Dados ja baixados em cache, reaproveitando: /home/mazeeqe/.cache/kagglehub/competitions/previsao-climatica-de-precipitacao-sobre-a-america-do-sul
  cache de reducao reaproveitado (models/_reduction_cache/pls_lagged_shift1.joblib, calculado em 2026-09-20T13:29:03.462986) - pulando o ajuste do PCA/PLS

=== 3. Montando exemplos (contrato origem + lag) ===
  treino: 22188 exemplos | validacao: 852 exemplos

=== 4. Treinando (selecao de epocas via validacao interna) ===
  epoca  1/25 | treino MSE(pca) 359.6259 | val MSE(pca) 267.5904
  epoca  2/25 | treino MSE(pca) 265.3758 | val MSE(pca) 261.4393
  epoca  3/25 | treino MSE(pca) 257.8391 | val MSE(pca) 262.0515
  epoca  4/25 | treino MSE(pca) 252.8943 | val MSE(pca) 265.2189
  epoca  5/25 | treino MSE(pca) 249.8390 | val MSE(pca) 264.4355
  epoca  6/25 | treino MSE(pca) 246.7987 | val MSE(pca) 264.0327
  epoca  7/25 | treino MSE(pca) 244.3764 | val MSE(pca) 268.8287
  early stopping na epoca 7 (melhor: 2)
  treino concluido em 79s | melhor epoca: 2 | val MSE(pca): 261.4393

=== 5. Avaliando contra baselines (grade real, mm/dia) ===
  PLS(defasado)+LSTM    RMSE=1.866  MAE=1.133  (mm/dia)
  Persistencia  RMSE=4.004  MAE=2.372  (mm/dia)
  Climatologia  RMSE=1.891  MAE=1.137  (mm/dia)

=== 5b. Salvando artefatos para visualizacao (models/) ===
  history.csv, metrics.json e sample_grids.npz salvos em models/hparam_sweep/pls_lagged_lr0p001_hs64_do0p3/

=== 6. Retreinando com todo o historico rotulado (1940-2022) ===
  epoca  1/2 | MSE(pca) 348.2741
  epoca  2/2 | MSE(pca) 265.5098
  modelo final e objetos de reducao salvos em models/hparam_sweep/pls_lagged_lr0p001_hs64_do0p3/

=== 7. Prevendo o teste real (2023-2024) ===

=== 8. Gerando submissao ===
Dados ja baixados em cache, reaproveitando: /home/mazeeqe/.cache/kagglehub/competitions/previsao-climatica-de-precipitacao-sobre-a-america-do-sul
  salvo em submissions/submission_pls_lagged_lr0p001_hs64_do0p3_lstm.csv (1885464 linhas)
