
======================================================================
nova execucao (pls_lagged) em 2026-09-20 12:12:12.433622
======================================================================
=== 0. Metodo de reducao dimensional: pls_lagged | seed: 42 | hiperparametros: hidden_size=128 dropout=0.3 lr=0.0005 | use_oni_feature=True ===
=== 1. Carregando dados ===
Dados ja baixados em cache, reaproveitando: /home/mazeeqe/.cache/kagglehub/competitions/previsao-climatica-de-precipitacao-sobre-a-america-do-sul
Carregado 'sample_submission' (csv): 1885464 linhas x 2 colunas
Carregado 'teste_features' (netcdf): dims=(time=24, lat=301, lon=261), variáveis=['t2', 'cloud_cover', 'shum_850', 'surface_pressure', 'u_850', 'v_850', 'temperature_850', 'rel_hum_850', 'geopotential_850', 'tp_alvo', 'tp_ultima_obs']
Carregado 'treino_cloud_cover' (netcdf): dims=(time=996, lat=301, lon=261), variáveis=['cloud_cover']
Carregado 'treino_geopotential_850' (netcdf): dims=(time=996, lat=301, lon=261), variáveis=['geopotential_850']
Carregado 'treino_rel_hum_850' (netcdf): dims=(time=996, lat=301, lon=261), variáveis=['rel_hum_850']
Carregado 'treino_shum_850' (netcdf): dims=(time=996, lat=301, lon=261), variáveis=['shum_850']
Carregado 'treino_surface_pressure' (netcdf): dims=(time=996, lat=301, lon=261), variáveis=['surface_pressure']
Carregado 'treino_t2' (netcdf): dims=(time=996, lat=301, lon=261), variáveis=['t2']
Carregado 'treino_temperature_850' (netcdf): dims=(time=996, lat=301, lon=261), variáveis=['temperature_850']
Carregado 'treino_tp' (netcdf): dims=(time=996, lat=301, lon=261), variáveis=['tp']
Carregado 'treino_tp_alvo' (netcdf): dims=(time=996, lat=301, lon=261), variáveis=['tp_alvo']
Carregado 'treino_u_850' (netcdf): dims=(time=996, lat=301, lon=261), variáveis=['u_850']
Carregado 'treino_v_850' (netcdf): dims=(time=996, lat=301, lon=261), variáveis=['v_850']
  996 meses (1940-01-01 a 2022-12-01)
  origens de treino interno ate indice 947 (2018-12-01)
  origens de validacao interna ate indice 995 (2022-12-01)
  ONI: 120 meses sem indice disponivel (antes de 1950-01) - origens nesses meses serao descartadas

=== 2. Reduzindo dimensionalidade por variavel (pls_lagged, so no treino interno) ===
Dados ja baixados em cache, reaproveitando: /home/mazeeqe/.cache/kagglehub/competitions/previsao-climatica-de-precipitacao-sobre-a-america-do-sul
  cache de reducao reaproveitado (models/_reduction_cache/pls_lagged_shift1.joblib, calculado em 2026-09-16T22:41:07.476219 (backfill de execucao anterior)) - pulando o ajuste do PCA/PLS

=== 3. Montando exemplos (contrato origem + lag) ===
  treino: 19848 exemplos | validacao: 852 exemplos

=== 4. Treinando (selecao de epocas via validacao interna) ===
  epoca  1/25 | treino MSE(pca) 197.4574 | val MSE(pca) 144.1238
  epoca  2/25 | treino MSE(pca) 127.9176 | val MSE(pca) 147.0079
  epoca  3/25 | treino MSE(pca) 117.8320 | val MSE(pca) 150.5600
  epoca  4/25 | treino MSE(pca) 112.5692 | val MSE(pca) 149.8425
  epoca  5/25 | treino MSE(pca) 109.4424 | val MSE(pca) 148.9991
  epoca  6/25 | treino MSE(pca) 106.6923 | val MSE(pca) 149.6023
  early stopping na epoca 6 (melhor: 1)
  treino concluido em 152s | melhor epoca: 1 | val MSE(pca): 144.1238

=== 5. Avaliando contra baselines (grade real, mm/dia) ===
  PLS(defasado)+LSTM    RMSE=1.865  MAE=1.135  (mm/dia)
  Persistencia  RMSE=4.004  MAE=2.372  (mm/dia)
  Climatologia  RMSE=1.891  MAE=1.137  (mm/dia)

=== 5b. Salvando artefatos para visualizacao (models/) ===
  history.csv, metrics.json e sample_grids.npz salvos em models/pls_lagged_oni_lstm_run1/

=== 6. Retreinando com todo o historico rotulado (1940-2022) ===
  epoca  1/1 | MSE(pca) 195.7445
  modelo final e objetos de reducao salvos em models/pls_lagged_oni_lstm_run1/

=== 7. Prevendo o teste real (2023-2024) ===

=== 8. Gerando submissao ===
Dados ja baixados em cache, reaproveitando: /home/mazeeqe/.cache/kagglehub/competitions/previsao-climatica-de-precipitacao-sobre-a-america-do-sul
  salvo em submissions/submission_pls_lagged_oni_lstm_run1_lstm.csv (1885464 linhas)
