
======================================================================
nova execucao (pls_concurrent) em 2026-09-17 20:49:57.764931
======================================================================
=== 0. Metodo de reducao dimensional: pls_concurrent | seed: 42 | hiperparametros: hidden_size=64 dropout=0.1 lr=0.0005 ===
=== 1. Carregando dados ===
Dados oficiais anexados encontrados em: C:\Users\user\Downloads\previsao-climatica-de-precipitacao-sobre-a-america-do-sul
Carregado 'sample_submission' (csv): 1885464 linhas x 2 colunas
Carregado 'teste_features' (netcdf): dims=(time=24, lat=301, lon=261), variáveis=['t2', 'cloud_cover', 'shum_850', 'surface_pressure', 'u_850', 'v_850', 'temperature_850', 'rel_hum_850', 'geopotential_850', 'tp_alvo', 'tp_ultima_obs']
Carregado 'treino_cloud_cover' (netcdf): dims=(time=996, lat=301, lon=261), variáveis=['cloud_cover']
Carregado 'treino_geopotential_850' (netcdf): dims=(time=996, lat=301, lon=261), variáveis=['geopotential_850']
Carregado 'treino_rel_hum_850' (netcdf): dims=(time=996, lat=301, lon=261), variáveis=['rel_hum_850']
Carregado 'treino_shum_850' (netcdf): dims=(time=996, lat=301, lon=261), variáveis=['shum_850']
Carregado 'treino_surface_pressure' (netcdf): dims=(time=996, lat=301, lon=261), variáveis=['surface_pressure']
Carregado 'treino_t2' (netcdf): dims=(time=996, lat=301, lon=261), variáveis=['t2']
Carregado 'treino_temperature_850' (netcdf): dims=(time=996, lat=301, lon=261), variáveis=['temperature_850']
Carregado 'treino_tp' (netcdf): dims=(time=996, lat=301, lon=261), variáveis=['tp']
Carregado 'treino_tp_alvo' (netcdf): dims=(time=996, lat=301, lon=261), variáveis=['tp_alvo']
Carregado 'treino_u_850' (netcdf): dims=(time=996, lat=301, lon=261), variáveis=['u_850']
Carregado 'treino_v_850' (netcdf): dims=(time=996, lat=301, lon=261), variáveis=['v_850']
  996 meses (1940-01-01 a 2022-12-01)
  origens de treino interno ate indice 947 (2018-12-01)
  origens de validacao interna ate indice 995 (2022-12-01)

=== 2. Reduzindo dimensionalidade por variavel (pls_concurrent, so no treino interno) ===
Dados oficiais anexados encontrados em: C:\Users\user\Downloads\previsao-climatica-de-precipitacao-sobre-a-america-do-sul
  PCA[tp] (referencia): 85 componentes explicam 90.0% da variancia (treino interno)
  PLS_CONCURRENT[t2]: 4 componentes explicam 90.8% da variancia de X (treino interno)
  PLS_CONCURRENT[cloud_cover]: 30 componentes explicam 86.9% da variancia de X (treino interno)
  PLS_CONCURRENT[shum_850]: 17 componentes explicam 90.3% da variancia de X (treino interno)
  PLS_CONCURRENT[surface_pressure]: 30 componentes explicam 85.7% da variancia de X (treino interno)
  PLS_CONCURRENT[u_850]: 30 componentes explicam 81.6% da variancia de X (treino interno)
  PLS_CONCURRENT[v_850]: 30 componentes explicam 83.9% da variancia de X (treino interno)
  PLS_CONCURRENT[temperature_850]: 8 componentes explicam 90.1% da variancia de X (treino interno)
  PLS_CONCURRENT[rel_hum_850]: 30 componentes explicam 84.8% da variancia de X (treino interno)
  PLS_CONCURRENT[geopotential_850]: 30 componentes explicam 78.4% da variancia de X (treino interno)
  cache de reducao salvo em models/_reduction_cache/pls_concurrent.joblib

=== 3. Montando exemplos (contrato origem + lag) ===
  treino: 22188 exemplos | validacao: 852 exemplos

=== 4. Treinando (selecao de epocas via validacao interna) ===
  epoca  1/25 | treino MSE(pca) 212.8072 | val MSE(pca) 151.0038
  epoca  2/25 | treino MSE(pca) 140.7159 | val MSE(pca) 145.6971
  epoca  3/25 | treino MSE(pca) 130.2744 | val MSE(pca) 146.4270
  epoca  4/25 | treino MSE(pca) 124.4576 | val MSE(pca) 147.4021
  epoca  5/25 | treino MSE(pca) 120.4391 | val MSE(pca) 148.1714
  epoca  6/25 | treino MSE(pca) 117.3269 | val MSE(pca) 149.8037
  epoca  7/25 | treino MSE(pca) 115.0780 | val MSE(pca) 150.0937
  early stopping na epoca 7 (melhor: 2)
  treino concluido em 15s | melhor epoca: 2 | val MSE(pca): 145.6971

=== 5. Avaliando contra baselines (grade real, mm/dia) ===
  PLS(concorrente)+LSTM RMSE=1.872  MAE=1.132  (mm/dia)
  Persistencia  RMSE=4.004  MAE=2.372  (mm/dia)
  Climatologia  RMSE=1.891  MAE=1.137  (mm/dia)

=== 5b. Salvando artefatos para visualizacao (models/) ===
  history.csv, metrics.json e sample_grids.npz salvos em models\hparam_sweep\pls_concurrent_lr0p0005_hs64_do0p1/

=== 6. Retreinando com todo o historico rotulado (1940-2022) ===
  epoca  1/2 | MSE(pca) 206.8567
  epoca  2/2 | MSE(pca) 139.8657
  modelo final e objetos de reducao salvos em models\hparam_sweep\pls_concurrent_lr0p0005_hs64_do0p1/

=== 7. Prevendo o teste real (2023-2024) ===

=== 8. Gerando submissao ===
Dados oficiais anexados encontrados em: C:\Users\user\Downloads\previsao-climatica-de-precipitacao-sobre-a-america-do-sul
  salvo em submissions/submission_pls_concurrent_lr0p0005_hs64_do0p1_lstm.csv (1885464 linhas)
