
======================================================================
nova execucao (pls_lagged) em 2026-09-17 00:17:46.627914
======================================================================
=== 0. Metodo de reducao dimensional: pls_lagged | seed: 42 | hiperparametros: hidden_size=256 dropout=0.3 lr=0.0005 ===
=== 1. Carregando dados ===
Dados ja baixados em cache, reaproveitando: /home/mazeeqe/.cache/kagglehub/competitions/previsao-climatica-de-precipitacao-sobre-a-america-do-sul
Carregado 'sample_submission' (csv): 1885464 linhas x 2 colunas
Carregado 'teste_features' (netcdf): dims=(time=24, lat=301, lon=261), variáveis=['t2', 'cloud_cover', 'shum_850', 'surface_pressure', 'u_850', 'v_850', 'temperature_850', 'rel_hum_850', 'geopotential_850', 'tp_alvo', 'tp_ultima_obs']
Carregado 'treino_cloud_cover' (netcdf): dims=(time=996, lat=301, lon=261), variáveis=['cloud_cover']
Carregado 'treino_geopotential_850' (netcdf): dims=(time=996, lat=301, lon=261), variáveis=['geopotential_850']
Carregado 'treino_rel_hum_850' (netcdf): dims=(time=996, lat=301, lon=261), variáveis=['rel_hum_850']
Carregado 'treino_shum_850' (netcdf): dims=(time=996, lat=301, lon=261), variáveis=['shum_850']
Carregado 'treino_surface_pressure' (netcdf): dims=(time=996, lat=301, lon=261), variáveis=['surface_pressure']
Carregado 'treino_t2' (netcdf): dims=(time=996, lat=301, lon=261), variáveis=['t2']
Carregado 'treino_temperature_850' (netcdf): dims=(time=996, lat=301, lon=261), variáveis=['temperature_850']
Carregado 'treino_tp' (netcdf): dims=(time=996, lat=301, lon=261), variáveis=['tp']
Carregado 'treino_tp_alvo' (netcdf): dims=(time=996, lat=301, lon=261), variáveis=['tp_alvo']
Carregado 'treino_u_850' (netcdf): dims=(time=996, lat=301, lon=261), variáveis=['u_850']
Carregado 'treino_v_850' (netcdf): dims=(time=996, lat=301, lon=261), variáveis=['v_850']
  996 meses (1940-01-01 a 2022-12-01)
  origens de treino interno ate indice 947 (2018-12-01)
  origens de validacao interna ate indice 995 (2022-12-01)

=== 2. Reduzindo dimensionalidade por variavel (pls_lagged, so no treino interno) ===
Dados ja baixados em cache, reaproveitando: /home/mazeeqe/.cache/kagglehub/competitions/previsao-climatica-de-precipitacao-sobre-a-america-do-sul
  cache de reducao reaproveitado (models/_reduction_cache/pls_lagged_shift1.joblib, calculado em 2026-09-16T22:41:07.476219 (backfill de execucao anterior)) - pulando o ajuste do PCA/PLS

=== 3. Montando exemplos (contrato origem + lag) ===
  treino: 22188 exemplos | validacao: 852 exemplos

=== 4. Treinando (selecao de epocas via validacao interna) ===
  epoca  1/25 | treino MSE(pca) 171.0408 | val MSE(pca) 141.5258
  epoca  2/25 | treino MSE(pca) 116.5890 | val MSE(pca) 144.4345
  epoca  3/25 | treino MSE(pca) 105.8522 | val MSE(pca) 144.6370
  epoca  4/25 | treino MSE(pca) 99.2202 | val MSE(pca) 145.2411
  epoca  5/25 | treino MSE(pca) 93.9712 | val MSE(pca) 147.9104
  epoca  6/25 | treino MSE(pca) 89.7094 | val MSE(pca) 147.9403
  early stopping na epoca 6 (melhor: 1)
  treino concluido em 234s | melhor epoca: 1 | val MSE(pca): 141.5258

=== 5. Avaliando contra baselines (grade real, mm/dia) ===
  PLS(defasado)+LSTM    RMSE=1.854  MAE=1.126  (mm/dia)
  Persistencia  RMSE=4.004  MAE=2.372  (mm/dia)
  Climatologia  RMSE=1.891  MAE=1.137  (mm/dia)

=== 5b. Salvando artefatos para visualizacao (models/) ===
  history.csv, metrics.json e sample_grids.npz salvos em models/hparam_sweep/pls_lagged_lr0p0005_hs256_do0p3/

=== 6. Retreinando com todo o historico rotulado (1940-2022) ===
  epoca  1/1 | MSE(pca) 170.0028
  modelo final e objetos de reducao salvos em models/hparam_sweep/pls_lagged_lr0p0005_hs256_do0p3/

=== 7. Prevendo o teste real (2023-2024) ===

=== 8. Gerando submissao ===
Dados ja baixados em cache, reaproveitando: /home/mazeeqe/.cache/kagglehub/competitions/previsao-climatica-de-precipitacao-sobre-a-america-do-sul
  salvo em submissions/submission_pls_lagged_lr0p0005_hs256_do0p3_lstm.csv (1885464 linhas)

======================================================================
nova execucao (pls_lagged) em 2026-09-20 14:49:21.636865
======================================================================
=== 0. Metodo de reducao dimensional: pls_lagged | seed: 42 | hiperparametros: hidden_size=256 dropout=0.3 lr=0.0005 | use_oni_feature=False ===
=== 1. Carregando dados ===
Dados ja baixados em cache, reaproveitando: /home/mazeeqe/.cache/kagglehub/competitions/previsao-climatica-de-precipitacao-sobre-a-america-do-sul
Carregado 'sample_submission' (csv): 1885464 linhas x 2 colunas
Carregado 'teste_features' (netcdf): dims=(time=24, lat=301, lon=261), variáveis=['t2', 'cloud_cover', 'shum_850', 'surface_pressure', 'u_850', 'v_850', 'temperature_850', 'rel_hum_850', 'geopotential_850', 'tp_alvo', 'tp_ultima_obs']
Carregado 'treino_cloud_cover' (netcdf): dims=(time=996, lat=301, lon=261), variáveis=['cloud_cover']
Carregado 'treino_geopotential_850' (netcdf): dims=(time=996, lat=301, lon=261), variáveis=['geopotential_850']
Carregado 'treino_rel_hum_850' (netcdf): dims=(time=996, lat=301, lon=261), variáveis=['rel_hum_850']
Carregado 'treino_shum_850' (netcdf): dims=(time=996, lat=301, lon=261), variáveis=['shum_850']
Carregado 'treino_surface_pressure' (netcdf): dims=(time=996, lat=301, lon=261), variáveis=['surface_pressure']
Carregado 'treino_t2' (netcdf): dims=(time=996, lat=301, lon=261), variáveis=['t2']
Carregado 'treino_temperature_850' (netcdf): dims=(time=996, lat=301, lon=261), variáveis=['temperature_850']
Carregado 'treino_tp' (netcdf): dims=(time=996, lat=301, lon=261), variáveis=['tp']
Carregado 'treino_tp_alvo' (netcdf): dims=(time=996, lat=301, lon=261), variáveis=['tp_alvo']
Carregado 'treino_u_850' (netcdf): dims=(time=996, lat=301, lon=261), variáveis=['u_850']
Carregado 'treino_v_850' (netcdf): dims=(time=996, lat=301, lon=261), variáveis=['v_850']
  996 meses (1940-01-01 a 2022-12-01)
  origens de treino interno ate indice 947 (2018-12-01)
  origens de validacao interna ate indice 995 (2022-12-01)

=== 2. Reduzindo dimensionalidade por variavel (pls_lagged, so no treino interno) ===
Dados ja baixados em cache, reaproveitando: /home/mazeeqe/.cache/kagglehub/competitions/previsao-climatica-de-precipitacao-sobre-a-america-do-sul
  cache de reducao reaproveitado (models/_reduction_cache/pls_lagged_shift1.joblib, calculado em 2026-09-20T13:29:03.462986) - pulando o ajuste do PCA/PLS

=== 3. Montando exemplos (contrato origem + lag) ===
  treino: 22188 exemplos | validacao: 852 exemplos

=== 4. Treinando (selecao de epocas via validacao interna) ===
  epoca  1/25 | treino MSE(pca) 322.8801 | val MSE(pca) 261.3302
  epoca  2/25 | treino MSE(pca) 230.9992 | val MSE(pca) 258.0560
  epoca  3/25 | treino MSE(pca) 215.6145 | val MSE(pca) 258.1100
  epoca  4/25 | treino MSE(pca) 204.1004 | val MSE(pca) 262.4453
  epoca  5/25 | treino MSE(pca) 195.4673 | val MSE(pca) 258.3469
  epoca  6/25 | treino MSE(pca) 188.0563 | val MSE(pca) 260.0808
  epoca  7/25 | treino MSE(pca) 181.2237 | val MSE(pca) 260.1659
  early stopping na epoca 7 (melhor: 2)
  treino concluido em 191s | melhor epoca: 2 | val MSE(pca): 258.0560

=== 5. Avaliando contra baselines (grade real, mm/dia) ===
  PLS(defasado)+LSTM    RMSE=1.859  MAE=1.121  (mm/dia)
  Persistencia  RMSE=4.004  MAE=2.372  (mm/dia)
  Climatologia  RMSE=1.891  MAE=1.137  (mm/dia)

=== 5b. Salvando artefatos para visualizacao (models/) ===
  history.csv, metrics.json e sample_grids.npz salvos em models/hparam_sweep/pls_lagged_lr0p0005_hs256_do0p3/

=== 6. Retreinando com todo o historico rotulado (1940-2022) ===
  epoca  1/2 | MSE(pca) 316.0522
  epoca  2/2 | MSE(pca) 230.6833
  modelo final e objetos de reducao salvos em models/hparam_sweep/pls_lagged_lr0p0005_hs256_do0p3/

=== 7. Prevendo o teste real (2023-2024) ===

=== 8. Gerando submissao ===
Dados ja baixados em cache, reaproveitando: /home/mazeeqe/.cache/kagglehub/competitions/previsao-climatica-de-precipitacao-sobre-a-america-do-sul
  salvo em submissions/submission_pls_lagged_lr0p0005_hs256_do0p3_lstm.csv (1885464 linhas)
